#ref_website
https://www.researchgate.net/profile/Mariano_Campoy-Quiles
#ref_research_group
Campoy-Quiles Group, Barcelona
#ref_autors
M. Campoy-Quiles, J. Nelson, D. D. C. Bradley and P. G. Etchegoin
#ref_jounral
Phys.
Rev. B
#ref_volume
76
#ref_pages
235206
#ref_year
2007
#ref_md5

#ref_doi

#ver
1.0
#end