#ref_website
refractiveindex.info
#ref_research_group

#ref_authors

#ref_jounral

#ref_title

#ref_volume

#ref_pages
397-400
#ref_year
1985
#ref_md5

#ref_doi

#ref_unformatted
S. Yamaguchi, T. Hanyu. The optical properties of Rb, <a href="https://doi.org/10.1143/JPSJ.35.1371"><i>J. Phys. Soc. Jpn.</i> <b>35</b>, 1371-1377 (1973)</a>
#ver
1.0
#end