#ref_website
refractiveindex.info
#ref_research_group

#ref_authors

#ref_jounral

#ref_title

#ref_volume

#ref_pages
397-400
#ref_year
1985
#ref_md5

#ref_doi

#ref_unformatted
A. I. Golovashkin, I. S. Levchenko, G. P. Motulevich, A .A. Shubin. The optical properties of indium, <a href="http://jetp.ac.ru/cgi-bin/e/index/e/24/6/p1093?a=list"><i>Sov. Phys. JETP</i> <b>24</b>, 1093-1100 (1967)</a>
#ver
1.0
#end