#ref_website
refractiveindex.info
#ref_research_group

#ref_authors

#ref_jounral

#ref_title

#ref_volume

#ref_pages
397-400
#ref_year
1985
#ref_md5

#ref_doi

#ref_unformatted
R. Althoff and J. H. Hertz. Measurement of the optical constants of Na and K in the range of wavelength from 2.5 to 10 μ, <a href="https://doi.org/10.1016/0020-0891(67)90025-5"><i>Infrared Phys.</i> <b>7</b>, 11-16 (1967)</a>
#ver
1.0
#end