#ref_website
refractiveindex.info
#ref_research_group

#ref_authors

#ref_jounral

#ref_title

#ref_volume

#ref_pages
-
#ref_year

#ref_md5

#ref_doi

#ref_unformatted
G.E. Jellison Jr. Optical functions of silicon determined by two-channel polarization modulation ellipsometry, <a href="https://doi.org/10.1016/0925-3467(92)90015-F"><i>Opt. Mat.</i> <b>1</b>, 41-47 (1992)</a>
#ver
1.0
#end