#ref_website
refractiveindex.info
#ref_research_group

#ref_authors

#ref_jounral

#ref_title

#ref_volume

#ref_pages
397-400
#ref_year
1985
#ref_md5

#ref_doi

#ref_unformatted
G. E. Jellison Jr., T. E. Haynes, H. H. Burke. Optical functions of silicon-germanium alloys determined using spectroscopic ellipsometry, <a href="https://doi.org/10.1016/0925-3467(93)90035-Y"><i>Opt. Mat.</i> <b>2</b>, 105-117 (1993)</a>
#ver
1.0
#end