#ref_website
refractiveindex.info
#ref_research_group

#ref_authors

#ref_jounral

#ref_title

#ref_volume

#ref_pages
397-400
#ref_year
1985
#ref_md5

#ref_doi

#ref_unformatted
J. Šik, J. Hora, J. Humlı́ček. Optical functions of silicon at high temperatures, <a href="https://doi.org/10.1063/1.368951"><i>J. Appl. Phys.</i> <b>84</b>, 6291–6298 (1998)</a>
#ver
1.0
#end