#ref_website
refractiveindex.info
#ref_research_group

#ref_authors

#ref_jounral

#ref_title

#ref_volume

#ref_pages
-
#ref_year

#ref_md5

#ref_doi

#ref_unformatted
T. M. Hartnett et al.. Optical properties of ALON (aluminum oxynitride), <a href="https://doi.org/10.1016/S1350-4495(98)00007-3"><i>IR Phys. Technol</i>, <b>39</b>, 203-211 (1998)</a>
#ver
1.0
#end