#ref_website
refractiveindex.info
#ref_research_group

#ref_authors

#ref_jounral

#ref_title

#ref_volume

#ref_pages
397-400
#ref_year
1985
#ref_md5

#ref_doi

#ref_unformatted
M. Rasigni and G. Rasigni. Optical constants of lithium deposits as determined from the Kramers-Kronig analysis, <a href="https://doi.org/10.1364/JOSA.67.000054"><i>J. Opt. Soc. Am.</i> <b>67</b>, 54-59 (1977)</a>
#ver
1.0
#end