#ref_website
refractiveindex.info
#ref_research_group

#ref_authors

#ref_jounral

#ref_title

#ref_volume

#ref_pages
-
#ref_year

#ref_md5

#ref_doi

#ref_unformatted
J. I. Larruquert, L. V. Rodríguez-de Marcos, J. A. Méndez, P. J. Martin, A. Bendavid. High reflectance ta-C coatings in the extreme ultraviolet, <a href="https://doi.org/10.1364/OE.21.027537"><i>Opt. Exp.</i> <b>21</b>, 27537-27549 (2013)</a> (Numerical data kindly provided by Juan Larruquert)
#ver
1.0
#end