#ref_website
https://www2.pvlighthouse.com.au/resources/photovoltaic%20materials/refractive%20index/refractive%20index.aspx
#ref_research_group

#ref_authors
D. Aspnes, S. Kelso, R. Logan and R. Bhat
#ref_jounral

#ref_title
Optical properties of AlxGa1-xAs
#ref_volume

#ref_pages
754-767
#ref_year
1986
#ref_md5

#ref_doi

#ref_unformatted
D. Aspnes, S. Kelso, R. Logan and R. Bhat, 'Optical properties of AlxGa1-xAs', Journal of Applied Physics 60(2), pp. 754–767, 1986.
#ver
1.0
#end