#ref_website
refractiveindex.info
#ref_research_group

#ref_authors

#ref_jounral

#ref_title

#ref_volume

#ref_pages
-
#ref_year

#ref_md5

#ref_doi

#ref_unformatted
R. E. Treharne, RF mgnetron sputtering of transparent conducting oxides and CdTe/CdS solar cells, <a href="http://etheses.dur.ac.uk/3310"><i>PhD Thesis, University of Durham</i> (2011)</a> (Numerical data kindly provided Dr. Robert Treharne)
#ver
1.0
#end