#ref_website
refractiveindex.info
#ref_research_group

#ref_authors

#ref_jounral

#ref_title

#ref_volume

#ref_pages
-
#ref_year

#ref_md5

#ref_doi

#ref_unformatted
J. K. Coulter, G. Hass, and J. B. Ramsey, Jr.. Optical constants and reflectance and transmittance of evaporated rhodium films in the visible, <a href="https://doi.org/10.1364/JOSA.63.001149"><i>J. Opt. Soc. Am.</i> <b>63</b>, 1149-1153 (1973)</a>
#ver
1.0
#end