#ref_website
https://www2.pvlighthouse.com.au/resources/photovoltaic%20materials/refractive%20index/refractive%20index.aspx
#ref_research_group

#ref_authors
'Sopra SA database, http://www.sspectra.com/sopra.html', 
#ref_jounral

#ref_title
Sopra SA database, http://www.sspectra.com/sopra.html
#ref_volume

#ref_pages
-
#ref_year

#ref_md5

#ref_doi

#ref_unformatted
'Sopra SA database, http://www.sspectra.com/sopra.html',
#ver
1.0
#end