#ref_website
refractiveindex.info
#ref_research_group

#ref_authors

#ref_jounral

#ref_title

#ref_volume

#ref_pages
-
#ref_year

#ref_md5

#ref_doi

#ref_unformatted
M. A. Ordal, R. J. Bell, R. W. Alexander, L. L. Long, M. R. Querry. Optical properties of fourteen metals in the infrared and far infrared: Al, Co, Cu, Au, Fe, Pb, Mo, Ni, Pd, Pt, Ag, Ti, V, and W, <a href="https://doi.org/10.1364/AO.24.004493"><i>Appl. Opt.</i> <b>24</b>, 4493-4499 (1985)</a>
#ver
1.0
#end