#ref_website
refractiveindex.info
#ref_research_group

#ref_authors

#ref_jounral

#ref_title

#ref_volume

#ref_pages
397-400
#ref_year
1985
#ref_md5

#ref_doi

#ref_unformatted
A. Ciesielski, L. Skowronski, M. Trzinski, E. Gorecka, P. Trautman, T. Szoplik. Evidence of germanium segregation in gold thin films, <a href="https://doi.org/10.1016/j.susc.2018.03.020"><i>Surf. Sci.</i> <b>674</b>, 73-78 (2018)</a> (Numerical data kindly provided by Arkadiusz Ciesielski)
#ver
1.0
#end