#ref_website
refractiveindex.info
#ref_research_group

#ref_authors

#ref_jounral

#ref_title

#ref_volume

#ref_pages
397-400
#ref_year
1985
#ref_md5

#ref_doi

#ref_unformatted
M. R. Querry. Optical constants of minerals and other materials from the millimeter to the ultraviolet, <a href="http://www.dtic.mil/docs/citations/ADA192210"><i>Contractor Report</i> CRDEC-CR-88009 (1987)</a>
#ver
1.0
#end