#ref_website
refractiveindex.info
#ref_research_group

#ref_authors

#ref_jounral

#ref_title

#ref_volume

#ref_pages
397-400
#ref_year
1985
#ref_md5

#ref_doi

#ref_unformatted
N. V. Smith. Optical constants of sodium and potassium from 0.5 to 4.0 eV by split-beam ellipsometry, <a href="https://doi.org/10.1103/PhysRev.183.634"><i>Phs. Rev.</i> <b>183</b>, 634-644 (1969)</a>
#ver
1.0
#end