#ref_website
refractiveindex.info
#ref_research_group

#ref_authors

#ref_jounral

#ref_title

#ref_volume

#ref_pages
397-400
#ref_year
1985
#ref_md5

#ref_doi

#ref_unformatted
<a href="http://refractiveindex.info/download/data/2017/hoya_2017-04-01.agf">HOYA Zemax catalog 2017-04-01</a> (obtained from <a href="http://www.hoya-opticalworld.com/english/datadownload/">http://www.hoya-opticalworld.com</a>)
#ver
1.0
#end