#ref_website
https://www2.pvlighthouse.com.au/resources/photovoltaic%20materials/refractive%20index/refractive%20index.aspx
#ref_research_group

#ref_authors
B. Richards
#ref_jounral

#ref_title
Single-material TiO2 double-layer antireflection coatings
#ref_volume

#ref_pages
369-390
#ref_year
2003
#ref_md5

#ref_doi

#ref_unformatted
B. Richards, 'Single-material TiO2 double-layer antireflection coatings', Solar Energy Materials & Solar Cells 79, pp. 369–390, 2003.
#ver
1.0
#end