#ref_website
refractiveindex.info
#ref_research_group

#ref_authors

#ref_jounral

#ref_title

#ref_volume

#ref_pages
-
#ref_year

#ref_md5

#ref_doi

#ref_unformatted
N. Brimhall, N. Herrick, D. D. Allred, R. S. Turley, M. Ware, J. Peatross. Measured optical constants of copper from 10 nm to 35 nm, <a href="https://doi.org/10.1364/OE.17.023873"><i>Optics Express</i> <b>17</b>, 23873-23879 (2009)</a>
#ver
1.0
#end