#ref_website
refractiveindex.info
#ref_research_group

#ref_authors

#ref_jounral

#ref_title

#ref_volume

#ref_pages
397-400
#ref_year
1985
#ref_md5

#ref_doi

#ref_unformatted
A. R. Beal and H. P. Huges. Kramers-Kronig analysis of the reflectivity spectra of 2H-MoS<sub>2</sub>, 2H-MoSe<sub>2</sub>, and 2H-MoTe<sub>2</sub>, <a href="https://doi.org/10.1088/0022-3719/12/5/017"><i>J. Phys. C</i> <b>12</b>, 881 (1979)</a>
#ver
1.0
#end