#ref_website
refractiveindex.info
#ref_research_group

#ref_authors

#ref_jounral

#ref_title

#ref_volume

#ref_pages
397-400
#ref_year
1985
#ref_md5

#ref_doi

#ref_unformatted
A. I. Golovashkin, I. E. Leksina, G. P. Motulevich and A. A. Shubin. The optical properties of niobium, <a href="http://jetp.ac.ru/cgi-bin/e/index/e/29/1/p27?a=list"><i>Sov. Phys. JETP</i> <b>29</b>, 27-34 (1969)</a>
#ver
1.0
#end