#ref_website
refractiveindex.info
#ref_research_group

#ref_authors

#ref_jounral

#ref_title

#ref_volume

#ref_pages
397-400
#ref_year
1985
#ref_md5

#ref_doi

#ref_unformatted
D. I. Yakubovsky, A. V. Arsenin, Y. V. Stebunov, D. Yu. Fedyanin, V. S. Volkov. Optical constants and structural properties of thin gold films, <a href="https://doi.org/10.1364/OE.25.025574"><i>Opt. Express</i> <b>25</b>, 25574-25587 (2017)</a>
#ver
1.0
#end