#ref_website
refractiveindex.info
#ref_research_group

#ref_authors

#ref_jounral

#ref_title

#ref_volume

#ref_pages
397-400
#ref_year
1985
#ref_md5

#ref_doi

#ref_unformatted
M. Rubin. Optical properties of soda lime silica glasses, <a href="https://doi.org/10.1016/0165-1633(85)90052-8"><i>Sol. Energy Mater.</i> <b>12</b>, 275-288 (1985)</a>
#ver
1.0
#end