#ref_website
refractiveindex.info
#ref_research_group

#ref_authors

#ref_jounral

#ref_title

#ref_volume

#ref_pages
397-400
#ref_year
1985
#ref_md5

#ref_doi

#ref_unformatted
R. L. Olmon, B. Slovick, T. W. Johnson, D. Shelton, S.-H. Oh, G. D. Boreman, and M. B. Raschke. Optical dielectric function of gold, <a href="https://doi.org/10.1103/PhysRevB.86.235147"><i>Phys. Rev. B</i> <b>86</b>, 235147 (2012)</a> (see Supplemental Material for numerical data)
#ver
1.0
#end