#ref_website
refractiveindex.info
#ref_research_group

#ref_authors

#ref_jounral

#ref_title

#ref_volume

#ref_pages
397-400
#ref_year
1985
#ref_md5

#ref_doi

#ref_unformatted
U. S. Whang, E. T. Arakawa, T. A. Callcott. Optical properties of Cs for photons of energy 3.6–9.6 eV, <a href="https://doi.org/10.1364/JOSA.61.000740"><i>J. Opt. Soc. Am.</i> <b>61</b>, 740-745 (1971)</a>
#ver
1.0
#end