#ref_website
refractiveindex.info
#ref_research_group

#ref_authors

#ref_jounral

#ref_title

#ref_volume

#ref_pages
-
#ref_year

#ref_md5

#ref_doi

#ref_unformatted
T. Inagaki et al. Optical properties of solid Na and Li between 0.6 and 3.8 eV, <a href="https://doi.org/10.1103/PhysRevB.13.2305"><i>Phs. Rev. B</i> <b>13</b>, 2305-2313 (1976)</a>
#ver
1.0
#end