#ref_website
refractiveindex.info
#ref_research_group

#ref_authors

#ref_jounral

#ref_title

#ref_volume

#ref_pages
397-400
#ref_year
1985
#ref_md5

#ref_doi

#ref_unformatted
R. D. Birkhoff, L. R. Painter, J. M. Heller Jr. Optical and dielectric functions of liquid glycerol from gas photoionization measurements, <a href="https://doi.org/10.1063/1.437098"><i>J. Chem. Phys.</i> <b>69</b>, 4185-4188 (1978)</a>
#ver
1.0
#end