#ref_website
refractiveindex.info
#ref_research_group

#ref_authors

#ref_jounral

#ref_title

#ref_volume

#ref_pages
397-400
#ref_year
1985
#ref_md5

#ref_doi

#ref_unformatted
<a href="http://refractiveindex.info/download/data/2017/cdgm_2017-09.agf">CDGM Zemax catalog 2017-09</a> (obtained from <a href="http://www.cdgmgd.com/208/">http://www.cdgmgd.com</a>)
#ver
1.0
#end