#ref_website
refractiveindex.info
#ref_research_group

#ref_authors

#ref_jounral

#ref_title

#ref_volume

#ref_pages
397-400
#ref_year
1985
#ref_md5

#ref_doi

#ref_unformatted
T. A. Callcott and E. T. Arakawa. Ultraviolet optical properties of Li, <a href="https://doi.org/10.1364/JOSA.64.000839"><i>J. Opt. Soc. Am.</i> <b>64</b>, 839-845 (1974)</a>
#ver
1.0
#end