#ref_website
refractiveindex.info
#ref_research_group

#ref_authors

#ref_jounral

#ref_title

#ref_volume

#ref_pages
397-400
#ref_year
1985
#ref_md5

#ref_doi

#ref_unformatted
H. E. Ives and H. B. Briggs. The optical constants of potassium, <a href="https://doi.org/10.1364/JOSA.26.000238"><i>J. Opt. Soc. Am.</i> <b>26</b>, 238-246 (1936)</a>
#ver
1.0
#end