#ref_website
https://www.researchgate.net/profile/Mariano_Campoy-Quiles
#ref_research_group
Campoy-Quiles Group, Barcelona
#ref_autors
A. Guerrero, B. Dörling, T. Ripolles-Sanchis, M. Aghamohammadi, E. Barrena, M. Campoy-Quiles and G. Garcia-Belmonte
#ref_jounral
ACS Nano
#ref_volume
7
#ref_pages
4637
#ref_year
2013
#ref_md5

#ref_doi
10.1038/nmat4645
#ver
1.0
#end
