#ref_website
refractiveindex.info
#ref_research_group

#ref_authors

#ref_jounral

#ref_title

#ref_volume

#ref_pages
397-400
#ref_year
1985
#ref_md5

#ref_doi

#ref_unformatted
R. Ferrini, M. Patrini, and S. Franchi. Optical functions from 0.02 to 6 eV of Al<sub>x</sub>Ga<sub>1−x</sub>Sb/GaSb epitaxial layers, <a href="https://doi.org/10.1063/1.368677"><i>J. Appl Phys.</i> <b>84</b>, 4517-4524 (1998)</a>
#ver
1.0
#end