#ref_website
https://www2.pvlighthouse.com.au/resources/photovoltaic%20materials/refractive%20index/refractive%20index.aspx
#ref_research_group

#ref_authors
 Unpublished data, 
#ref_jounral

#ref_title

#ref_volume

#ref_pages
-
#ref_year

#ref_md5

#ref_doi

#ref_unformatted
 Unpublished data,
#ver
1.0
#end