#ref_website
refractiveindex.info
#ref_research_group

#ref_authors

#ref_jounral

#ref_title

#ref_volume

#ref_pages
-
#ref_year

#ref_md5

#ref_doi

#ref_unformatted
M. R. Anderson. <i>Determination of infrared optical constatns for single components hydrocarbon fuels</i>, Master Thesis (2009) [<a href="https://refractiveindex.info/download/data/2000/Anderson - thesis - Determination of infrared optical constants for single component hydrocarbon fuels.pdf">pdf</a>]
#ver
1.0
#end