#ref_website
refractiveindex.info
#ref_research_group

#ref_authors

#ref_jounral

#ref_title

#ref_volume

#ref_pages
397-400
#ref_year
1985
#ref_md5

#ref_doi

#ref_unformatted
M. Schubert, V. Gottschalch, C. M. Herzinger, H. Yao, P. G. Snyder and J. A. Woollam. Optical constants of Ga<sub>x</sub>In<sub>1−x</sub>P lattice matched to GaAs, <a href="https://doi.org/10.1063/1.358632"><i>J. Appl. Phys.</i> <b>77</b>, 3416 (1995)</a>
#ver
1.0
#end