#ref_website
refractiveindex.info
#ref_research_group

#ref_authors

#ref_jounral

#ref_title

#ref_volume

#ref_pages
397-400
#ref_year
1985
#ref_md5

#ref_doi

#ref_unformatted
T. Inagaki, E. T. Arakawa, R. D. Birkhoff, M. W. Williams. Optical properties of liquid Na between 0.6 and 3.8 eV, <a href="https://doi.org/10.1103/PhysRevB.13.5610"><i>Phs. Rev. B</i> <b>13</b>, 5610-5612 (1976)</a>
#ver
1.0
#end