#ref_website
https://www2.pvlighthouse.com.au/resources/photovoltaic%20materials/refractive%20index/refractive%20index.aspx
#ref_research_group

#ref_authors
E. Palik,  Handbook of Optical Constants of Solids Vol I, Academic Press, Orlando, pp. 360–367, 1985. 
#ref_jounral

#ref_title

#ref_volume

#ref_pages
360-367
#ref_year
1985
#ref_md5

#ref_doi

#ref_unformatted
E. Palik,  Handbook of Optical Constants of Solids Vol I, Academic Press, Orlando, pp. 360–367, 1985.
#ver
1.0
#end