#ref_website
refractiveindex.info
#ref_research_group

#ref_authors

#ref_jounral

#ref_title

#ref_volume

#ref_pages
-
#ref_year

#ref_md5

#ref_doi

#ref_unformatted
H. R. Phillip and E. A. Taft. Kramers-Kronig Analysis of Reflectance Data for Diamond, <a href="https://doi.org/10.1103/PhysRev.136.A1445"><i> Phys. Rev.</i> <b>136</b>, A1445-A1448 (1964)</a>
#ver
1.0
#end