#ref_website
refractiveindex.info
#ref_research_group

#ref_authors

#ref_jounral

#ref_title

#ref_volume

#ref_pages
-
#ref_year

#ref_md5

#ref_doi

#ref_unformatted
D. Rioux, S. Vallières, S. Besner, P. Muñoz, E. Mazur and M. Meunier. An analytic model for the dielectric function of Au, Ag, and their alloys, <a href="https://doi.org/10.1002/adom.201300457"><i>Adv. Opt. Mater.</i> <b>2</b>, 176-182 (2014)</a> (See Supporting information for MATLAB model)
#ver
1.0
#end