#ref_website
refractiveindex.info
#ref_research_group

#ref_authors

#ref_jounral

#ref_title

#ref_volume

#ref_pages
-
#ref_year

#ref_md5

#ref_doi

#ref_unformatted
G. P. Motulevich and A. A. Shubin. The optical constants of zinc, <a href="http://jetp.ac.ru/cgi-bin/e/index/e/29/1/p24?a=list"><i>Sov. Phys. JETP</i> <b>29</b>, 24-26 (1969)</a>
#ver
1.0
#end