#ref_website
refractiveindex.info
#ref_research_group

#ref_authors

#ref_jounral

#ref_title

#ref_volume

#ref_pages
-
#ref_year

#ref_md5

#ref_doi

#ref_unformatted
S. Adachi and T. Taguchi. Optical properties of ZnSe, <a href="https://doi.org/10.1103/PhysRevB.43.9569"><i>Phys. Rev. B</i> <b>43</b>, 9569-9577 (1991)</a><br>[<a href="https://github.com/polyanskiy/refractiveindex.info-scripts/blob/master/scripts/Adachi%201991%20-%20ZnSe.py">Calculation script (Python)</a>]
#ver
1.0
#end