#ref_website
refractiveindex.info
#ref_research_group

#ref_authors

#ref_jounral

#ref_title

#ref_volume

#ref_pages
-
#ref_year

#ref_md5

#ref_doi

#ref_unformatted
G. Vuye et al.. Temperature dependence of the dielectric function of silicon using in situ spectroscopic ellipsometry, <a href="https://doi.org/10.1016/0040-6090(93)90082-Z"><i>Thin Solid Films</i> <b>233</b>, 166-170 (1993)</a>
#ver
1.0
#end