#ref_website
refractiveindex.info
#ref_research_group

#ref_authors

#ref_jounral

#ref_title

#ref_volume

#ref_pages
397-400
#ref_year
1985
#ref_md5

#ref_doi

#ref_unformatted
P. Giannios, S. Koutsoumpos, K. G. Toutouzas, M. Matiatou, G. C. Zografos, and K. Moutzouris. Complex refractive index of normal and malignant human colorectal tissue in the visible and near-infrared, <a href="https://doi.org/10.1002/jbio.201600001"><i>J. Biophotonics</i> <b>?</b>, ?-? (2016)</a>
#ver
1.0
#end