#ref_website
refractiveindex.info
#ref_research_group

#ref_authors

#ref_jounral

#ref_title

#ref_volume

#ref_pages
397-400
#ref_year
1985
#ref_md5

#ref_doi

#ref_unformatted
J. V. Martonchik and G. S. Orton. Optical constants of liquid and solid methane, <a href="https://doi.org/10.1364/AO.33.008306"><i>Appl. Opt.</i> <b>33</b>, 8306-8317 (1994)</a>
#ver
1.0
#end