#ref_website
https://www2.pvlighthouse.com.au/resources/photovoltaic%20materials/refractive%20index/refractive%20index.aspx
#ref_research_group

#ref_authors
W.M Irvine and J.B Pollack
#ref_jounral

#ref_title
Infrared optical properties of water and ice spheres
#ref_volume

#ref_pages
324-360
#ref_year
1968
#ref_md5

#ref_doi

#ref_unformatted
W.M Irvine and J.B Pollack, 'Infrared optical properties of water and ice spheres', Icarus 8, pp. 324–360, 1968.
#ver
1.0
#end