#ref_website
refractiveindex.info
#ref_research_group

#ref_authors

#ref_jounral

#ref_title

#ref_volume

#ref_pages
-
#ref_year

#ref_md5

#ref_doi

#ref_unformatted
E. Sani and A. Dell'Oro. Spectral optical constants of ethanol and isopropanol from ultraviolet to far infrared, <a href="https://doi.org/10.1016/j.optmat.2016.06.041"><i>Optical Materials</i> <b>60</b>, 137-141 (2016)</a>
#ver
1.0
#end