#ref_website
refractiveindex.info
#ref_research_group

#ref_authors

#ref_jounral

#ref_title

#ref_volume

#ref_pages
397-400
#ref_year
1985
#ref_md5

#ref_doi

#ref_unformatted
A. D. Rakić. Algorithm for the determination of intrinsic optical constants of metal films: application to aluminum, <a href="https://doi.org/10.1364/AO.34.004755"><i>Appl. Opt.</i> <b>34</b>, 4755-4767 (1995)</a>
#ver
1.0
#end