#ref_website
https://www2.pvlighthouse.com.au/resources/photovoltaic%20materials/refractive%20index/refractive%20index.aspx
#ref_research_group

#ref_authors
Y. Jiang, S. Pillai and M. Green
#ref_jounral

#ref_title
Realistic silver optical constants for plasmonics
#ref_volume

#ref_pages
6-30605
#ref_year
2016
#ref_md5

#ref_doi

#ref_unformatted
Y. Jiang, S. Pillai and M. Green, 'Realistic silver optical constants for plasmonics', Scientific Reports 6, p. 30605, 2016.
#ver
1.0
#end