#ref_website
refractiveindex.info
#ref_research_group

#ref_authors

#ref_jounral

#ref_title

#ref_volume

#ref_pages
397-400
#ref_year
1985
#ref_md5

#ref_doi

#ref_unformatted
<a href="https://refractiveindex.info/download/data/2012/AMTIR-6%20Information.pdf">Amorphous Materials AMTIR-6 Information (2012)</a> - downloaded 2014-01-11
#ver
1.0
#end