#ref_website
https://www2.pvlighthouse.com.au/resources/photovoltaic%20materials/refractive%20index/refractive%20index.aspx
#ref_research_group

#ref_authors
M. Rubin
#ref_jounral

#ref_title
Optical properties of soda lime silica glasses
#ref_volume

#ref_pages
278-288
#ref_year
1985
#ref_md5

#ref_doi

#ref_unformatted
M. Rubin, 'Optical properties of soda lime silica glasses', Solar Energy Materials & Solar Cells pp. 278–288, 1985.
#ver
1.0
#end