#ref_website
refractiveindex.info
#ref_research_group

#ref_authors

#ref_jounral

#ref_title

#ref_volume

#ref_pages
397-400
#ref_year
1985
#ref_md5

#ref_doi

#ref_unformatted
M. A. Green. Self-consistent optical parameters of intrinsic silicon at 300K including temperature coefficients, <a href="https://doi.org/10.1016%2Fj.solmat.2008.06.009"><i>Sol. Energ. Mat. Sol. Cells</i> <b>92</b>, 1305–1310 (2008)</a>
#ver
1.0
#end