#ref_website
refractiveindex.info
#ref_research_group

#ref_authors

#ref_jounral

#ref_title

#ref_volume

#ref_pages
397-400
#ref_year
1985
#ref_md5

#ref_doi

#ref_unformatted
H. Zhang, Y. Ma, Y. Wan, X. Rong, Z. Xie, W. Wang, L. Dai. Measuring the refractive index of highly crystalline monolayer MoS<sub>2</sub> with high confidence, <a href="https://doi.org/10.1038/srep08440"><i>Sci. Rep.</i> <b>5</b>, 8440 (2015)</a> (Numerical data kindly provided by Hui Zhang)
#ver
1.0
#end