#ref_website
refractiveindex.info
#ref_research_group

#ref_authors

#ref_jounral

#ref_title

#ref_volume

#ref_pages
397-400
#ref_year
1985
#ref_md5

#ref_doi

#ref_unformatted
M. A. Ordal, R. J. Bell, R. W. Alexander, L. A. Newquist, M. R. Querry. Optical properties of Al, Fe, Ti, Ta, W, and Mo at submillimeter wavelengths, <a href="https://doi.org/10.1364/AO.27.001203"><i>Appl. Opt.</i> <b>27</b>, 1203-1209 (1988)</a>
#ver
1.0
#end