#ref_website
refractiveindex.info
#ref_research_group

#ref_authors

#ref_jounral

#ref_title

#ref_volume

#ref_pages
397-400
#ref_year
1985
#ref_md5

#ref_doi

#ref_unformatted
J. W. Weber, V. E. Calado and M. C. M. van de Sanden. Optical constants of graphene measured by spectroscopic ellipsometry, <a href="https://doi.org/10.1063/1.3475393"><i>Appl. Phys. Lett.</i> <b>97</b>, 091904 (2010)</a> (Numerical data kindly provided by Jan-Willem Weber)
#ver
1.0
#end