#ref_website
refractiveindex.info
#ref_research_group

#ref_authors

#ref_jounral

#ref_title

#ref_volume

#ref_pages
397-400
#ref_year
1985
#ref_md5

#ref_doi

#ref_unformatted
M. M. Kirillova, L. V. Nomerovannaya, M. M. Noskov. Optical properties of molybdenum single crystals , <a href="http://www.jetp.ac.ru/cgi-bin/e/index/e/33/6/p1210?a=list"><i>Sov. Phys. JETP</i> <b>33</b>, 1210-1214 (1971)</a>
#ver
1.0
#end