#ref_website
refractiveindex.info
#ref_research_group

#ref_authors

#ref_jounral

#ref_title

#ref_volume

#ref_pages
397-400
#ref_year
1985
#ref_md5

#ref_doi

#ref_unformatted
K. Sato and S. Adachi. Optical properties of ZnTe, <a href="https://doi.org/10.1063/1.353305"><i>J. Appl. Phys.</i> <b>73</b>, 926-931 (1993)</a><br>[<a href="https://github.com/polyanskiy/refractiveindex.info-scripts/blob/master/scripts/Sato%201993%20-%20ZnTe.py">Calculation script (Python)</a>]
#ver
1.0
#end