#ref_website

#ref_research_group

#ref_autors

#ref_jounral
J. Fac. Sci.Tech., Seikei Univ.


Vol.49 No.1
Vol.49 No.
Vol.49 No.1
Vol.49 No.1 (
Vol.49 No.1 (2012)
Vol.49 No.1 (2012)pp.
#ref_volume
49
#ref_pages
41-44
Vol.49 No.1 (2012)pp.41-44
Vol.49 No.1 (2012)
Vol.49 No.1 (2012)pp.41-44
#ref_year
2012
#ref_md5

#ref_doi

#ver
1.0
#end