#ref_website
refractiveindex.info
#ref_research_group

#ref_authors

#ref_jounral

#ref_title

#ref_volume

#ref_pages
397-400
#ref_year
1985
#ref_md5

#ref_doi

#ref_unformatted
M. R. Vogt. <i>Development of physical models for the simulation of optical properties of solar cell modules</i>, <a href="https://www.tib.eu/en/search/id/TIBKAT%3A852464657">PhD. Thesis (2015)</a>
#ver
1.0
#end