#ref_website
refractiveindex.info
#ref_research_group

#ref_authors

#ref_jounral

#ref_title

#ref_volume

#ref_pages
397-400
#ref_year
1985
#ref_md5

#ref_doi

#ref_unformatted
S. Yamaguchi, T. Hanyu. Optical properties of potassium, <a href="https://doi.org/10.1143/JPSJ.31.1431"><i>J. Phys. Soc. Jpn.</i> <b>31</b>, 1431-1441 (1971)</a>
#ver
1.0
#end