#ref_website
https://www.researchgate.net/profile/Mariano_Campoy-Quiles
#ref_research_group
Campoy-Quiles Group, Barcelona
#ref_autors
T. Kirchartz, T. Agostinelli, M. Campoy-Quiles, W.
Gong and J. Nelson
#ref_jounral
 J. Phys. Chem. Lett.
#ref_volume
3
#ref_pages
3470
#ref_year
2012
#ref_md5

#ref_doi

#ver
1.0
#end