#ref_website
refractiveindex.info
#ref_research_group

#ref_authors

#ref_jounral

#ref_title

#ref_volume

#ref_pages
397-400
#ref_year
1985
#ref_md5

#ref_doi

#ref_unformatted
U. S. Whang, E. T. Arakawa, T. A. Callcott. Optical properties of K between 4 and 10.7 eV and comparison with Na, Rb, and Cs, <a href="https://doi.org/10.1103/PhysRevB.6.2109"><i>Phys. Rev. B</i> <b>6</b>, 2109-2118 (1972)</a>
#ver
1.0
#end