#ref_website
refractiveindex.info
#ref_research_group

#ref_authors

#ref_jounral

#ref_title

#ref_volume

#ref_pages
-
#ref_year

#ref_md5

#ref_doi

#ref_unformatted
P. B. Johnson and R. W. Christy. Optical Constants of the Noble Metals, <a href="https://doi.org/10.1103/PhysRevB.6.4370"><i>Phys. Rev. B</i> <b>6</b>, 4370-4379 (1972)</a>
#ver
1.0
#end