#ref_website
refractiveindex.info
#ref_research_group

#ref_authors

#ref_jounral

#ref_title

#ref_volume

#ref_pages
-
#ref_year

#ref_md5

#ref_doi

#ref_unformatted
M. Vos, B. Macco, N. F. W. Thissen, A. A. Bol, W. M. M. Kessels. Atomic layer deposition of molybdenum oxide from (N<sup>t</sup>Bu)<sub>2</sub>(NMe<sub>2</sub>)<sub>2</sub>Mo and O<sub>2</sub> plasma, <a href="https://doi.org/10.1116/1.4930161"><i>J. Vac. Scia. Technol. A</i> <b>34</b>, 01A103 (2015)</a>
#ver
1.0
#end