#ref_website
refractiveindex.info
#ref_research_group

#ref_authors

#ref_jounral

#ref_title

#ref_volume

#ref_pages
-
#ref_year

#ref_md5

#ref_doi

#ref_unformatted
K. Stahrenberg, Th. Herrmann, K. Wilmers, N. Esser, W. Richter, and M. J. G. Lee. Optical properties of copper and silver in the energy range 2.5-9.0 eV, <a href="https://doi.org/10.1103/PhysRevB.64.115111"><i>Phys Rev. B</i> <b>64</b>, 115111 (2001)</a> (Numerical data kindly provided by Prof. Dr. Norbert Esser)
#ver
1.0
#end