#ref_website
refractiveindex.info
#ref_research_group

#ref_authors

#ref_jounral

#ref_title

#ref_volume

#ref_pages
397-400
#ref_year
1985
#ref_md5

#ref_doi

#ref_unformatted
G. Perotto, Y. Zhang, D. Naskar, N. Patel, D. L. Kaplan, S. C. Kundu, F. G. Omenetto. The optical properties of regenerated silk fibroin films obtained from different sources, <a href="https://doi.org/10.1063/1.4998950"><i>Appl. Phys. Lett.</i> <b>111</b>, 103702 (2017)</a>
#ver
1.0
#end